HK1   true  -752 A+ S+ N+ X+ R+ ILS10+ SA2+ S2+
HK2   true  -703 A+ S+ N+ X+ R+ ILS10+ SA2+ S2+
HK3   true  -729 A+ S+ N+ X+ R+ ILS10+ SA2+ S2+
SYN0  true -1010 A+ S+ N+ X+ R+ ILS10+ SA2+ S2-
SYN1  true  -764 A+ S+ N+ X+ R+ ILS10+ SA2+ S2+
SYN2  true  -731 A+ S+ N+ X+ R+ ILS10+ SA2+ S2+
SYN3  true  -838 A+ S- N+ X- R+ ILS10+ SA2- S2-
SYN4  true  -727 A- S- N- X- R- ILS10- SA2- S2-
SYN5  true  -742 A- S- N- X- R- ILS10+ SA2+ S2-
SYN6  true  -766 A- S- N+ X+ R+ ILS10- SA2+ S2-
SYN7  true  -746 A+ S- N+ X+ R+ ILS10+ SA2- S2+
SYN8  true  -747 A+ S+ N+ X+ R+ ILS10+ SA2- S2+
SYN9  true -1324 A+ S+ N+ X+ R+ ILS10+ SA2+ S2+
SYN10 true  -745 A- S- N- X- R- ILS10- SA2- S2-
SYN11 true  -710 A+ S- N+ X+ R+ ILS10+ SA2- S2+
SYN12 true  -957 A- S- N- X- R- ILS10- SA2- S2-
SYN13 true  -795 A+ S+ N- X- R- ILS10+ SA2+ S2+
SYN14 true  -743 A+ S+ N+ X+ R+ ILS10+ SA2+ S2+
SYN15 true  -714 A+ S+ N+ X+ R+ ILS10+ SA2+ S2+
SYN16 true -1340 A+ S+ N+ X+ R+ ILS10+ SA2+ S2+
SYN17 true  -734 A+ S+ N+ X+ R+ ILS10+ SA2+ S2+
SYN18 true  -733 A+ S+ N+ X+ R+ ILS10+ SA2+ S2+
SYN19 true  -834 A- S- N- X+ R- ILS10- SA2- S2-
SYN20 true  -746 A+ S+ N+ X+ R+ ILS10+ SA2- S2+
SYN21 true  -756 A- S- N- X- R- ILS10- SA2- S2-
SYN22 true  -742 A- S- N- X- R- ILS10- SA2- S2+
SYN23 true  -850 A+ S+ N+ X- R+ ILS10+ SA2- S2+
SYN24 true  -712 A+ S+ N+ X+ R+ ILS10+ SA2- S2+
SYN25 true  -767 A+ S+ N+ X+ R- ILS10+ SA2+ S2+
SYN26 true  -715 A+ S+ N+ X+ R+ ILS10+ SA2- S2+
SYN27 true  -714 A+ S+ N+ X+ R+ ILS10+ SA2+ S2+
SYN28 true  -725 A- S- N- X- R- ILS10- SA2- S2-
SYN29 true  -759 A+ S+ N+ X+ R- ILS10+ SA2+ S2+
SYN30 true  -744 A- S+ N- X- R- ILS10- SA2+ S2-
SYN31 true  -736 A+ S+ N+ X+ R+ ILS10+ SA2+ S2+
SYN32 true  -742 A+ S- N+ X+ R+ ILS10+ SA2- S2-
SYN33 true  -753 A- S+ N+ X+ R+ ILS10- SA2- S2+
SYN34 true  -681 A+ S+ N+ X+ R+ ILS10+ SA2+ S2+
SYN35 true  -739 A- S+ N- X- R- ILS10+ SA2- S2+
SYN36 true  -725 A+ S+ N+ X+ R+ ILS10+ SA2+ S2-
SYN37 true -1172 A+ S+ N+ X+ R+ ILS10+ SA2+ S2+
SYN38 true  -752 A- S+ N+ X+ R+ ILS10+ SA2+ S2+
SYN39 true  -811 A- S- N- X- R- ILS10- SA2- S2-

A:E-first          29/43  20.4 ms
S:E-steep          29/43  49.1 ms
N:N-first          31/43  18.6 ms
X:X-first          30/43  18.9 ms
R:R-first          29/43  18.8 ms
ILS10              32/43  6.3 ms
SA2                24/43  11.0 ms
S2:E-steep-ic4bi   29/43  40.9 ms
union A+S: 33
union A+N: 32
union A+S+N: 34
union A+S+N+X: 35
union all: 37
