N670604  1 bletters?tb
N670604  2 #
N670604  3 blobesspin
N670604  4 bhionecarliaxrafeuue??eneraronchaepanibina??ri
N670604  5 ####
N670604  6 #sauoiaothein?eed?toouerthrouot##aeain?la?a
N670604  7 baunharti?e
N670706  1 mastersteuoarae
N670710  2 theloraeofbhurreioha?hecbins?aiidx??re
N680206  1 b?isly
N680206  2 ?earl
N680206  3 rothes
N680206  4 papystes
N680206  5 #
N680206  6 #
N680206  7 reaums
N680206  8 #
N680206  9 #haue??
N680206 10 #
N680206 11 #
N680206 12 tre?ent
N680206 13 #
N680206 14 #
N680206 15 #
N680206 16 stayid
N680206 17 ???
N680206 18 #
N680206 19 #
N680206 20 risry
N680206 21 #
N680206 22 #
N680206 23 sy?e
N680209  1 ae?aund
N680209  2 #
N680209  3 reason
N680209  4 p?ac
N680209  5 #
N680209  6 #
N680209  7 ruin
N680209  8 #
N680209  9 #
N680209 10 apt?tyh
N680209 11 omi?tyd
N680224  1 ??rer
N680224  2 #
N680224  3 #
N680224  4 #
N680224  5 #
N680224  6 ?
N680224  7 paay?a
N680224  8 rehayn
N680309  1 #
N680309  2 amo??
N680309  3 #
word hits real 8 | shuffled mean 0.22 max 3
