1 468489
2 259927
3 239624
4 229564
5 247308
6 251380
7 317484
8 250344
9 281441
10 265072
11 444997
12 372845
13 334023
14 139585
15 379991
16 357423
17 385662
18 109815
19 475442
20 443700
21 295966
22 122684
23 362235
24 374157
25 300421
26 179273
27 390376
28 360295
29 416850
30 409292
31 387590
32 425751
33 224072
34 96892
35 511877
36 473587
37 472769
38 460180
39 412008
40 279369
41 212329
42 104300
43 412533
44 376866
45 423258
46 373266
47 356138
48 392116
49 182624
50 79406
51 417357
52 396961
53 319505
54 116892
55 386736
56 185830
57 155202
58 99750
59 299072
60 174887
61 143738
62 215252
63 304385
64 175162
65 135881
66 213164
67 345361
68 351848
69 298206
70 127873
71 422465
72 212907
73 178311
74 122245
75 477665
76 399435
77 233211
78 106391
79 340381
80 200283
81 159616
82 110869
83 502353
84 441633
85 176888
86 86140
87 308365
88 170683
89 144246
90 99763
91 509940
92 455458
93 192083
94 122951
95 516734
96 430294
97 177469
98 116419
99 282902
100 186030
101 168227
102 229967
103 fail <urlopen error [WinError 10061] No connection could be made 
103 fail <urlopen error [WinError 10061] No connection could be made 
103 fail <urlopen error [WinError 10061] No connection could be made 
103 fail <urlopen error [WinError 10061] No connection could be made 
103 fail <urlopen error [WinError 10061] No connection could be made 
103 fail <urlopen error [WinError 10061] No connection could be made 
103 fail <urlopen error [WinError 10061] No connection could be made 
103 fail <urlopen error [WinError 10061] No connection could be made 
104 fail <urlopen error [WinError 10061] No connection could be made 
104 fail <urlopen error [WinError 10061] No connection could be made 
104 fail <urlopen error [WinError 10061] No connection could be made 
104 fail <urlopen error [WinError 10061] No connection could be made 
104 fail <urlopen error [WinError 10061] No connection could be made 
104 fail <urlopen error [WinError 10061] No connection could be made 
104 fail <urlopen error [WinError 10061] No connection could be made 
104 fail <urlopen error [WinError 10061] No connection could be made 
105 fail <urlopen error [WinError 10061] No connection could be made 
105 fail <urlopen error [WinError 10061] No connection could be made 
105 fail <urlopen error [WinError 10061] No connection could be made 
