1 480807
2 845683
3 876411
4 171782
5 158702
6 165385
7 306410
8 257842
9 262177
10 174550
11 268330
12 301197
13 417570
14 394582
15 427573
16 371692
17 252935
18 328810
19 321087
20 273568
21 428374
22 292273
23 272117
24 284844
25 439275
26 405780
27 314308
28 279866
29 336949
30 420869
31 280910
32 292181
33 275324
34 315473
35 267119
36 350411
37 437527
38 281151
39 241684
40 273456
41 420804
42 272178
43 301782
44 260073
45 301576
46 266124
47 409695
48 269069
49 236888
50 253022
51 277032
52 498695
53 263354
54 245381
55 262462
56 347362
57 260072
58 468982
59 276676
60 285336
61 317773
62 617386
63 295475
64 328805
65 408659
66 413524
67 367802
68 293094
69 521373
70 314886
71 270845
72 277090
73 287595
74 362098
75 285100
76 262228
77 320587
78 513362
79 278010
80 270187
81 211443
82 271378
83 312079
84 428967
85 431652
86 313665
87 265225
88 167894
89 271521
90 298831
91 332996
92 512721
93 318408
94 327786
95 353639
96 278269
97 302887
98 fail <urlopen error [SSL: UNEXPECTED_EOF_WHILE_READING] EOF occur
98 264913
99 380250
100 264661
101 253015
102 291969
103 367311
104 534266
105 296766
106 281855
107 285636
108 560600
109 298024
110 292488
111 312412
112 459083
113 331798
114 333212
115 505935
116 284985
117 285434
118 271120
119 292456
120 511396
121 298679
122 273850
123 396853
124 328471
125 262385
126 344880
127 292955
128 296117
129 292012
130 299542
131 252243
132 305696
133 287062
134 177116
135 259407
136 302590
137 231998
138 287484
139 289606
140 281863
141 518997
142 315220
143 263911
144 264083
145 271805
146 260472
147 288825
148 228360
149 270164
150 312768
151 469810
152 288739
153 266041
154 306742
155 275439
156 517015
157 336306
158 284691
159 214733
160 269107
161 289841
162 489068
163 268142
164 258858
165 331284
166 299325
167 325891
168 354901
169 259275
170 326457
171 253142
172 270987
173 413354
174 266821
175 291359
176 298701
177 325842
178 304064
179 273093
180 369523
181 357464
182 293266
183 288929
184 298661
185 323992
186 303854
187 305846
188 222119
189 324414
190 310537
191 210357
192 293447
193 391218
194 291090
195 385464
196 274596
197 331477
198 418413
199 492601
200 530450
201 447938
202 298799
203 197530
204 279393
205 359284
206 145745
207 272805
208 357475
209 284335
210 360022
211 372639
212 514814
213 508913
214 342301
215 400059
216 282567
217 398337
218 325027
219 232394
220 260629
221 480800
222 296913
223 337530
224 506245
225 310250
226 273554
227 307319
228 457147
229 227765
230 fail <urlopen error [WinError 10061] No connection could be made 
230 fail <urlopen error [WinError 10061] No connection could be made 
230 fail <urlopen error [WinError 10061] No connection could be made 
230 fail <urlopen error [WinError 10061] No connection could be made 
230 fail <urlopen error [WinError 10061] No connection could be made 
230 fail <urlopen error [WinError 10061] No connection could be made 
230 fail <urlopen error [WinError 10061] No connection could be made 
230 fail <urlopen error [WinError 10061] No connection could be made 
231 fail <urlopen error [WinError 10061] No connection could be made 
231 fail <urlopen error [WinError 10061] No connection could be made 
231 fail <urlopen error [WinError 10061] No connection could be made 
231 fail <urlopen error [WinError 10061] No connection could be made 
231 fail <urlopen error [WinError 10061] No connection could be made 
231 fail <urlopen error [WinError 10061] No connection could be made 
231 fail <urlopen error [WinError 10061] No connection could be made 
231 fail <urlopen error [WinError 10061] No connection could be made 
232 fail <urlopen error [WinError 10061] No connection could be made 
232 fail <urlopen error [WinError 10061] No connection could be made 
232 fail <urlopen error [WinError 10061] No connection could be made 
