1 379368
2 677583
3 258119
4 178523
5 168386
6 178140
7 164184
8 174454
9 169872
10 185468
11 170196
12 195241
13 179860
14 228943
15 467813
16 261514
17 486546
18 275043
19 565248
20 609054
21 421140
22 437982
23 430820
24 439334
25 407478
26 419269
27 389790
28 404299
29 386288
30 399664
31 270231
32 246181
33 541580
34 551557
35 566696
36 551216
37 532730
38 535124
39 527566
40 538889
41 498173
42 510855
43 539425
44 247892
45 488753
46 326504
47 497253
48 254019
49 492621
50 482545
51 313687
52 266047
53 416333
54 424837
55 431179
56 437754
57 376325
58 196064
59 161721
60 207884
61 635988
62 345588
63 488775
64 233520
65 553084
66 249104
67 440356
68 434814
69 693383
70 674049
71 454445
72 217834
73 442370
74 225099
75 485665
76 245225
77 709712
78 693245
79 630266
80 603496
81 528975
82 300330
83 305448
84 221188
85 408773
86 319113
87 fail <urlopen error [SSL: UNEXPECTED_EOF_WHILE_READING] EOF occur
87 187158
88 229721
89 501213
90 256497
91 322384
92 289623
93 355383
94 311972
95 171278
96 182729
97 320748
98 325830
99 319238
100 262193
101 416743
102 400701
103 440734
104 199947
105 271295
106 200699
107 256704
108 204997
109 268444
110 206109
111 292594
112 213756
113 360303
114 201944
115 326132
116 203542
117 368825
118 212203
119 318863
120 210377
121 321799
122 216290
123 287567
124 208551
125 270881
126 208821
127 253208
128 213795
129 302504
130 206539
131 351017
132 221015
133 335995
134 210968
135 346934
136 214874
137 259801
138 213771
139 305980
140 209516
141 262924
142 217559
143 359724
144 215906
145 334945
146 218177
147 389505
148 222783
149 353829
150 216752
151 411196
152 214703
153 345982
154 224626
155 446176
156 232582
157 468696
158 234647
159 455168
160 213659
161 435733
162 210378
163 415174
164 212106
165 435584
166 215532
167 381053
168 203152
169 402115
170 196005
171 367847
172 197076
173 272603
174 211582
175 363800
176 206936
177 378181
178 207021
179 281395
180 204704
181 269679
182 206143
183 347750
184 fail <urlopen error [WinError 10061] No connection could be made 
184 fail <urlopen error [WinError 10061] No connection could be made 
184 fail <urlopen error [WinError 10061] No connection could be made 
184 fail <urlopen error [WinError 10061] No connection could be made 
184 fail <urlopen error [WinError 10061] No connection could be made 
184 fail <urlopen error [WinError 10061] No connection could be made 
184 fail <urlopen error [WinError 10061] No connection could be made 
184 fail <urlopen error [WinError 10061] No connection could be made 
185 fail <urlopen error [WinError 10061] No connection could be made 
185 fail <urlopen error [WinError 10061] No connection could be made 
185 fail <urlopen error [WinError 10061] No connection could be made 
185 fail <urlopen error [WinError 10061] No connection could be made 
185 fail <urlopen error [WinError 10061] No connection could be made 
185 fail <urlopen error [WinError 10061] No connection could be made 
185 fail <urlopen error [WinError 10061] No connection could be made 
185 fail <urlopen error [WinError 10061] No connection could be made 
186 fail <urlopen error [WinError 10061] No connection could be made 
186 fail <urlopen error [WinError 10061] No connection could be made 
186 fail <urlopen error [WinError 10061] No connection could be made 
