0 -2614.4462723542006 eeeneenieeorinieeotiuecourouirenioutaicoueienenurdeoust
eoeeorieereriuleonuennuenurededeiturseesreeiiuune
seoulelsdeituleituereunauieestsesrieteutseoleleut
ienainsutieestleaiouenitieereiautulusaetuenunuiurerau
leesiestluiturunaunuatesouieestesitenuieslie
ienenenaeununrasteiluecouluraieoruioueroreunauteun
iurausesutstuieninuilorenilununaietluienenenaust
aureeiniaiuemenenenenerereaustesouleieaenenuimetsu
seeorienenoniecoutluiaesaileseeorileiteloie
aeninutererirauniuaeuleludsillsueruetenureensi
ualueiteituuniudsilseesraiteaueieteneiiuneiue
iuedeirenanueenlisueturaueilsruniilseresesre
iuiriuaenereaturuisneusteescouleeitur
nuerateutusienenenaueseratuneenenuiteiuitiue
seoreseiteuneietiauaeetenmuniueaimeiaiunuaue
ieoilelua
1 -2404.248629320714 asateauresileuiaeinreacielieeloudieniecieadeuauelpoieun
oiseiliealaleeroiueauueauelopapoenelueauloaeeeeta
ueierarupoeneroinealaetieiesunueulianaenueirareen
retieuueniesunroidieouenrealseienereuianeaueuerelalie
roeuieunreineleuieteineuieiesunoueneueeourra
retotouiseueuliuneeresciereliroileriealilaetienoeu
relieuauenuneretiteirilotireueuiionreretotouieun
ielsoeurieeamoustetotolaloieunouieroesietauermonue
uesilretatiuescienredieuierauesiliroenoriea
ietiuenolslelieureiaersrepuerruesleanoueleauud
eirearneeneetrepuerueaulienoieaionsteedetarea
respoelouiteaeureuesnelieairuletdirusloueula
redlreisuelsineleeuuseunaoucierosinel
tealinseneuretatouieouelineueausuernoreinees
ueiloueensetarondieiosnaumetreaiemeeieeteiea
esierarei
2 -2385.1669423495196 euenoelsouisilteoirseeriesieisaleieruirieeeolelesmaieur
aiuoistoesesietaileelleelesamemairesuoeusaeiieene
uoietetumairetatreeseenuetouuruoustereeruoitetoer
sonuiluertouurtadeiealirsoesuidereteuuereelelesesesue
taoutourtetreselueneurouietouurauiroleiautse
sonanalduelelsduroiteurietesusaisesieesiseenuerael
sesueueueruresontnettisanttelelutartesonanaldeur
desuailsuieecalunonanasesadeurauietaiudonelescarue
uouissoneniliurierteeuouuiteuouisttairatiie
dontlerasusisuelseueetutemuittueuseeralesoelue
euteesroireensemuituoeusdiradeetarunoieenesee
seumaisaluneeoltiueuresdeettusenettuusauouse
seesseuulosuureseiulueureaurietautres
neesuruereusonenaldeauosureloelulesrasetrieu
uoisauoiruenesarededaurelcenseedicoiuienedee
iuiiteteu
3 -2365.5848460295565 ooaleonieousinuaeurieoquesueisaneuertiqueaeenonesfaueur
auoeusueasosierauneanneonesafafairesueausaaiieelo
ueuerarufaireraureosaelteueourueusuaroerueurareer
ieltinuerueourradeueanirieasoiderereutareoneneiesaste
raeuueurreuresenteletreuueueourauireneiauria
ielalandoenensdureireoquerestiauseiueasusaelteraen
iesteuauerureieluleurusalurenentuarreielalandeur
desoainitieapanolelalasasadeurauueraiodeloneiparue
ueousielalunioquerreeteutiraueousurairaruio
delunerasosistenietaerorefuirrueosearaneseanue
etreaireireeliefuirueausdiradeauaroleieelaieo
ieofaisantleaenriueoresdeauruseleuruosaueuso
ieesietonesotreseiunoeuraauqueraoures
leastroereuielolandeauestreneanoneiraieurieo
ueusaueiroelaiarededaoranpelieadipeitieledea
iouiraret
4 -2364.0384043313124 osateouresiniuuaeirreopienieinauoieriipieaoeuouenmaieur
aiseinueanonielaiueauueouenamamairenueaunaaiieeto
ueielalumairelaureonaetieuesurueunuaroerueilaleer
retiiuueruesurladoieauirreansidereleuiareoueuerenanie
laeuueurleureneuieteireuieuesurauireueiaulra
retataudseueundureilespielenirainerieaninaetieraeu
renieuauerureretuteulinatuleueuiuarleretataudeur
densaiuriieacaustetatananadeurauielaisdetouercarue
uesinretatiuispierleoieuiilauesinulairaliio
detuueransninieureiaelslemuilluesnearaueneauuo
eilearreireetremuilueaundiradeauarsteioetareo
resmainauiteaeuliuesrendeaulunetoulusnaueuno
reonreisuensireneiuuseuraaupielasuren
teanirsereuretotaudeauenireueausuerrareuries
ueinaueirsetararodedasraucetreadiceiiietedea
isiilalei
8 -2274.922088128936 uuenountouisinceoirteuriesieisaneiertirieeeonunesmaieur
aiuoiscoesusielaineenneunesamemairesuoeusaeiieenu
uoielelumairelacreuseentecouuruouscerueruoileloer
tontinuercouurladeieanirtoesuidereleutereuneneteseste
laoucourlecresentenetrouiecouurauironeiaulte
tonananduenensduroileurielesttaisetieesiseenteraen
testeueueruretoncneclisanclenentcarletonanandeur
desuainttieepanunonanasesadeurauielaiudonunetparue
uouistoneniniurierleetoutileuouisclairaliiu
doncnerasusistenteteelulemuillueuseeranesoenue
etleetroireentemuiluoeusdiradeecarunoieeneteu
teumaisantneeonliueuresdeeclusenecluusauousu
teestetunosutreseiunueureaurielaucres
neestruereutonunandeauostrenoenunetratecrieu
uoisauoiruenetarededaurenpenteedipoitienedee
iuiilelet
