0 -3216.119384765625 xctnoxmdocysimptoyrdexkyesyeisamzyerfikyetzomxmeshayeur
aycoyspotsxsielaymetmmexmesahthairesuotusatiieenx
uoyeltluhairelaprexstenfepocuruousptrxeruoyltloer
donfimuerpocurlabzyeamirdotscibereleuftrexmemedestsfe
laoupourlepresemfenefrouyepocurauiromeiauldt
donanambcememsburoileckyelesfdaysedyetsystenferaem
desfeutueruredonpneplysanplememfparledonanambeur
bescaimdfietgamcnonanastsabeurauyelaicbonxmedgarue
uocysdontnymickyerlezfoufiltuocysplairalyix
bonpmerascsisfemdeftelclehuilluecsetramesotmuz
efletdroireendehuiluotusbirabetparcnoizentdex
dechaisamfnetomliuecresbetplusenzplucsauousx
dezsdefcmoscfreseiumceurtaukyelacpres
netsfrcereudonxnambeauosfremotmcmedradepriec
uoysauoircentdarzbebacrtmgendetbigoifienebet
icyiltlef
1 -3200.2509765625 ftymofncothsinpyohrcefxhesheisanzherdixheyzonfnesbaheur
ahtohspoysfsielahneynnefnesabybairesuoyusayiieemf
uohelylubairelaprefsyemdepoturuouspyrferuohlyloer
comdinuerpoturlagzheanircoystigereleudyrefnenecesysde
laoupourlepresendemedrouhepoturauironeiaulcy
comamangtenensguroiletxhelesdcahsecheyshsyemderaen
cesdeuyuerurecompmeplhsamplenendparlecomamangeur
gestaincdieykantmomamasysageurauhelaitgomfneckarue
uothscomymhnitxherlezdoudilyuothsplairalhif
gompnerastsisdencedyeltlebuilluetseyranesoynuz
edleycroireemcebuiluoyusgirageypartmoizemycef
cetbaisandmeyonliuetresgeyplusemzplutsauousf
cezscedtnostdreseiunteuryauxhelatpres
meysdrtereucomfmangeauosdrenoyntnecracepriet
uohsauoirtemycarzgegatrynkemceygikoidiemegey
ithilyled
