0 -2234.462877874248 oenuousuariusuitseocierieirauoietiicieouuouerpaieet
aieuirsurorielaiueuueouerappaitereueraiieeno
euiellepaitelasteoreniesuateuerstoeteuilluet
suniiueetsuatlamoieauitsureimeteleeiteoueueserrie
lauesuetlestereuieneitueiesuataeituueiaels
sunanaumeeueurmetuileecielerisairesierirenietaeu
serieeeetetesunsnesliransleueuisatlesunanaumeet
mereaiusiiedauenunanarrameetaeielaiemunouesdatee
euarsunniuiecietleoiueiileuarslaitaliio
munsuetareririeuseielelepeilleeeretaueruueo
eilestuiteensepeileuermitamesatenuioenseo
seepairauineuulieeetermeslerenosleeraeuero
seorseieuureitereieueeetaecielaester
neriteeteesunonaumeaeuriteuuueuestasestiee
euiraeuiteensatomemaetudensemiduiiieneme
iaillei
3 -1913.8062393915052 aenoaucousiupourceaquesueisaueuertiqueeouauesfaueur
aueousposasielauueuueauesaffairesuousaiieena
uouellufairelapreasentepouruouspraeruoulloer
contiuuerpourladeueauircoseidereleutreaueuecesste
laoupourlepreseutenetrouuepourauiroueiaulc
conanaudeeueusduroileequelestcausecuesusenteraeu
cesteuuerureconpneplusanpleueutparleconanaudeur
deseaiuctiemauenonanassadeurauuelaiedonauecmarue
uousconnuuiequerleetoutiluousplairaluia
donpuerasesisteucetelelefuillueeserauesouue
etlecroireencefuiluousdiradeparenoieencea
ceefaisautneouliueeresdeplusenepluesauousa
ceesceteuosetreseiuueeurauquelaepres
nestreereuconanaudeauostreuoueuecracepriee
uousauoireencarededaerumencedimoitienede
iuillet
