0 -3313.761962890625 xltnaxidalbciptaburdexybebecoigbeurscybetgaixiezobemur
oblabpatxcehobietiiexieoztzocurematmotcceenx
mabehthmzocurehopurextensepalmurmampturxeurmabhthaeur
danscimeurpalmurhofgbeoicurdatlcfeurehemsturexieiedetse
hoampamurhepureeisenesurambepalmuromcuraiecomhdt
danonoifleieifmurachelybehesdobedbetbtenseuroei
desemtmeurmuredanpnephbonpheieispourhedanonoifemur
felocidscetkoilnanonotofemurombehoclfanxiedkourme
malbdantnbiclybeurhegsamschtmalbphocurohbcx
fanpieurolcseidestehlhezmchhmeleturoieatimg
eshetduracureendezmchmatmfcurofetpourlnacgentdex
delzocoisnetaihcmelurefetphmengphmlomamx
degdeslialsureecmilemurtomybeholpure
netsurleuremdanxnoifeomasureiatiliedurodepurcel
mabomacurlentdourgfefolurtikendetfckacscenefet
clbchthes
2 -3234.18994140625 fnyrafumandiubyadchmefgdedeiouxdechtigdeyxaufuezodesch
odnadbayfielodueyuuefueozyzoichesaysoyiieerf
sadelylszoichelobchefyertebanschsasbychfechsadlylaech
martiusechbanschlopxdeouichmaynipechelestychefueuemeyte
loasbaschlebcheeuteretchasdebanschosichaueioslmy
maroroupneueupschailengdeletmodemdeydyertechoeu
metesysechschemarbrebldorbleueutbochlemaroroupesch
penoiumtieykounraroroyopeschosdeloinparfuemkochse
sandmaryrduingdechlextastilysandbloicholdif
parbuechoniteumetyelnlezsillseneychoueayusx
etleymchaicheermezsilsayspichopeybochnraixerymef
menzoioutreyaulisenchepeyblserxblsnosasf
mexmetnuantcheeisuneschyosgdelonbche
reytchnechesmarfroupeosatcheuayunuemchomebchien
sadosaichnerymochxpeponchyukermeypikaitierepey
indilylet
5 -3230.418212890625 xusmaxtdaurytpsarindexgrereyotfreinbygresfatxtezorelin
oruarpasxyecortesttexteozszoyinelaslosyyeemx
larecsclzoyinecopinexsembepaulinlalpsinxeinlarcscaein
dambytleinpaulincohfreotyindasuyheinecelbsinextetedesbe
coalpalincepineetbemebinalrepaulinolyinateyolcds
damomothuetethlinayceugrecebdoredresrsembeinoet
debelsleinlinedampmepcrompcetetbpoincedamomothelin
heuoytdbyeskotumamomosohelinolrecoyuhamxtedkoinle
laurdamsmrtyugreincefbalbycslaurpcoyinocryx
hampteinouybetdebsecucezlyccleuesinoteastlf
ebcesdinayineemdezlyclaslhyinohespoinumayfemsdex
deuzoyotbmesatcyleuinehespclemfpcluolalx
defdebutaubineeyltuelinsolgrecoupine
mesbinueineldamxmotheolabinetastutedinodepinyeu
larolayinuemsdoinfhehouinstkemdeshykaybyemehes
yurycsceb
