
=== U read as u : 481 units, 527 letters
   period  4  -4.6737  srflthatmwpcdkrogdecooadrmhoptnewmutaadnrntiqhiedooaserimthefarnmroscsneda
   period  5  -4.5472  srqtthepmdroudnotagtriaonsturdnucpybskwidodasmtrropndqdowithhdflngsgggumei
   period  6  -4.5001  ufumrsywnomsekwediadfigqhoaeormmcirtithmpcsmeewdpanuaainhcrtnheaqpgohsdbse
   period  7  -4.4433  pprwrenermnsnhildgeyewsghuthesogoarinrernennoapessfetwisthepheaseahperdoaa
   period  8  -4.4553  gsrefrylethatmowutpicdcktsriogthedeoedcomoetaedrtmmohrophteanrewcmsnuatana
   period  9  -4.4444  sahocoeraibgenesmrqtusthemiidsroonteogatanrsinoicipawmeredoqateapoannyeuww
   period 10  -4.3995  trsafqtdthewempuwdrlotedueknoitedgamdtrlinmoanonsetsoruomdnaueapcetybeseaw
   period 11  -4.4418  tsowithaferthendroprnigeaapamuifgoonmarqdanmynromhohrgthemgchmepgesoesdeor
   period 12  -4.4180  lsmrufusnmhepsomywnthateppuriedekwcioeueqigadfoslrndareohoacdgopahtirmmcdo
   period 13  -4.3736  nroodioriershimndmonosmoseedpaogmeoesanagqnayohdsmrhiondasbpfpdeearglotesg
   period 14  -4.3312  lrreoeekdoicnmssmifnsdrgehgdgedwgynodboshueugoothenmhtmsakarorromiftgsdano
   period 15  -4.3625  rsdorstheeturmaqtmstboporrkeoadodiiecutioosehnagqoghaiorthesietnorresatgsr
   period 16  -4.4272  glyirrasfonnspreeptoumaowthengthatbioirsntdotkrfscorcieoeegmndhpoodothedat
   period 17  -4.3708  igemrbewtrtermdgmsystatawnhermoofpphhhaseriyeidordoieicyugiesdogfmalnuentw
   period 18  -4.3751  ashmoduyrssnoqspwkbogceeysmtheithemeraafdtdudswekdaotitieaoofopnwaggansece
   period 19  -4.3455  mrrcehnopkintptsseenumheiembdnhssikedrotdeheidorhoweogrereegnwosoddeeturui
   period 20  -4.3375  naeflbtherobsudqkoswtthuewptomrtthatcldguptereedkrotdoscainuaueeohmedeaige
   period 21  -4.2940  wenrumepesnessprqsgsdinthegmoonetoheihrresefggnfdneyintemqilsuoegehsdgthat
   period 22  -4.4144  smrtndenoqrutheetoafoirownpimppanbrioasorignaaakgindbrqhdfgnasumoothatrmnd
   period 23  -4.3589  asndsndepehuhnhoeacshrshoeynthatrdaunuidpehiqreemumtainedmecundeletheweiou
   period 24  -4.3247  gsuufgyelrannsceomreshimysnywetapuuethatgqromomuthatpopsiwekisertcieeicded
   period 25  -4.3753  thergasoetheeenaooarmrorthathraoimocleumthertyenteoltseacaundromhpqytnontt
   period 26  -4.3435  ohgagoeradnaqtrainreushesnucesessfoluinmresrmmraehohanimsmnmmisagasidadscr
   BEST period 21 at -4.2940
   wenrumepesnessprqsgsdinthegmoonetoheihrresefggnfdneyintemqilsuoegehsdgthatithewinseresarrneeaeaoeeioewithnstoguerhidnrsrminrannpcueesspieeilpsmsoigfadthatamspedwiopwtetheeaypeaetneurewsgrahuahrhhiteeooaorrdyeracapseatpseecasriosaqmahsaubrbtdstheumarrthdqrseeintoofmnmcdmomonsmmeuewordwortkuocquumdohyofasakaahdkghdadrpowemainndaacrobsnthemtoofaadcobdooyndthetsteinrgshohndlmmtthemhrsansodmothatmtheem

=== U read as ll : 481 units, 529 letters
   period  4  -4.6872  srflthatmwpcdkrogdecooadrmhoptnewmutaadnrntiqhiedooaserimthefarnmroscsneda
   period  5  -4.5794  srqtthepmdroudnotagtriaonsturdnllcpybskwidodasmtrropndqdowithhdflngsgggume
   period  6  -4.4823  fuumrswnyomskweedidfaigqoaheormcmirtthimpcmesewdanpuaanhicrthenaqpohgsdber
   period  7  -4.5114  pprrenwermsnhnildeyegwsgutheshogorinarerennnoapssfeetwsthepiheaeahsperoaad
   period  8  -4.4164  yfgerrsltweoumthatpskictdcroditheegoetodmeocaometmrdhatrheponnmrcsweupaanp
   period  9  -4.4375  saahrocoeibrgmenesqtsudsthemiiroaognteotainorsincieprawmedooqpateaanmnwyeu
   period 10  -4.3994  trsthetdqfawemporldwutedutoinkeedgairltdmnmoatsenonsorullnadmoeapcsbeyteea
   period 11  -4.3471  ftwithasrendorthegonipmeparaaougoidnrqfmaromaynnghrmohethemhmgopscgereeosr
   period 12  -4.4304  fusrmsmhulnewnthatmosppypeukwcdeioeerilldfogiqlraesndoacoergohadpamcdritis
   period 13  -4.3964  orohiedinrosrdoneommsimnsoaspngeooedmaenmqhysadagorhddnespafiobeplughtaoga
   period 14  -4.3767  eierncredokolmneimghssrgdfsdyowdhsendbogguthemogasunhtmoekidronarfgstromao
   period 15  -4.3762  erstotheautqrdsrmresoboakrdmtpooisiaethoondiuceosqngiethertgoahigerpetersn
   period 16  -4.4194  rilaersfysgornnpuopaomthatwtoetheingbtnrocdckstirrfsoeeemthegodonihopodeaa
   period 17  -4.3653  trewgrgbetiedmmmremrwyaftanssotophedirhadseiphrhooydgoieyaugeiimcflsmogrut
   period 18  -4.2332  ssmsaypdukwhrosoqnothecibsaeydfgmeaerthemdadotkeweoaudsiittfapnogiwamcogne
   period 19  -4.3364  keippostnnetshrcrmedenbsmkiehrseimhundrhhoedgoiorwredetoedweduourseatiogne
   period 20  -4.3175  qodruthewkbotbseftlasndrlmcotgturtthatewepuphnoidateuoaoscdkereuetelgsinoa
   period 21  -4.3344  spwgsmunirqpesesesenrdernseoohgretoniehthegmfulgoeeneesintyqminfdgrshrnith
   period 22  -4.3687  rndeasotheiroomnwetoqrtunfmpasipnaaaarigknprioobgdrqsoithatarmnmnydhbfgund
   period 23  -4.2958  aeddnnnesshschurhsheopaidryedthathueinqrellmnopueahemdialewwoeniunddutecth
   period 24  -4.4157  imsrelynemufenruogsscgahoogmaptthatupnwoeuymythatsqreupneedersellowkciteds
   period 25  -4.3960  aemarrnsgeoorhorothatartheaoetheatheocletloruecanstetmiyeumunghsunpromotha
   period 26  -4.3301  ieohtgasdraneherarsuaqnognssucmeeolfsumehromarinrsehdnanasitimmssepsmdrcag
   BEST period 18 at -4.2332
   ssmsaypdukwhrosoqnothecibsaeydfgmeaerthemdadotkeweoaudsiittfapnogiwamcogneecsghreautrhthnoroidweelaiorimmeprammatieswonorianqpadeteihgnnthatrosnhnwyoupndwegmescphegatthecbseaahomnhiohfrsoaoerstabsbsnerdqotsderthatenetdsgthesadtimanaceeghmasnessotonhmodieaprosulmallodpocmssmoererprnsflegdodhqrlurreropogirboaoimgllsisenetolotearedindposadinromesstomopnpaugehswwitheamunmquohrqayonuonredwiidthatrerasc
