== control 0: ndianvoyagethatmannexthimlooksafewshadeslighteryoumi
   -1.966/letter  cov 0.85  ndianvoyagethatmannexthimlooksafewshadeslighteryoumi
   -2.378/letter  cov 0.62  sdiaststagethatpassetthispssisagetshadesmighteststri
   -2.387/letter  cov 0.81  ndidntoyagethatmannetthinlooksagetshadeslightertotmi
   -2.471/letter  cov 0.67  selaststagethatpassetthispssosafetshadesongiteststro
   -2.491/letter  cov 0.54  seieststagethatressetthisissisagettheeetiighteststri
  plaintext ndianvoyagethatmannexthimlooksafewshadeslighteryoumi
  recovered ndianvoyagethatmannexthimlooksafewshadeslighteryoumi  accuracy 1.00  true score -1.966/letter
== control 1: gnisenothinginthedarknessandthefitfullightsandshadow
   -2.370/letter  cov 0.65  flitelltillfiltheealllenobletheeitfullightocletheelw
   -2.657/letter  cov 0.60  eoiseorshoofnotheearopersaretheelsetooighssdoesheery
   -2.697/letter  cov 0.63  erisersshoreortheeasoressaretheensetooneessaresedest
   -2.704/letter  cov 0.48  enesenoseineinseedasinessandseeeiseslifeessandseadsw
   -2.765/letter  cov 0.65  erisersshoremotheeasoressaretheelsetoolehssdoesheest
  plaintext gnisenothinginthedarknessandthefitfullightsandshadow
  recovered flitelltillfiltheealllenobletheeitfullightocletheelw  accuracy 0.46  true score -1.615/letter
== control 2: ithhimthedreadfulconditiontowhichhewasbroughtwassoap
   -1.701/letter  cov 0.75  ithhimthedreaceticonditiontowhichhewasbroughtwasspar
   -2.391/letter  cov 0.60  ithhoothedreadetocoodotoootowhichhewasbroughtwasspar
   -2.729/letter  cov 0.71  ithinntheeseaceunbonentnontowinchiewasasoughtwassoas
   -2.752/letter  cov 0.73  ntinnothedreadetodoodotoootownndinewasdroveitwasspar
   -2.849/letter  cov 0.60  ntinnothedreadetodoodotoootownndindwasaroveitwassoar
  plaintext ithhimthedreadfulconditiontowhichhewasbroughtwassoap
  recovered ithhimthedreaceticonditiontowhichhewasbroughtwasspar  accuracy 0.88  true score -1.547/letter
== control 3: dreadvishnoooneofthethreepersonsinthegodheadofthehin
   -1.713/letter  cov 0.77  dreadwithnoooneofthethreepersonsinthegodheadofthehin
   -2.341/letter  cov 0.71  dreadwithoopooeofthethreepersoothothegodheadofthehoo
   -2.492/letter  cov 0.69  ereadyisenoronereshethreererrrorintheereheadrethefin
   -2.545/letter  cov 0.65  erebewithnoronerethethreerersrothithegrehebergthehin
   -2.572/letter  cov 0.71  erebewisenoronereshethreererrrorintheerehederethefin
  plaintext dreadvishnoooneofthethreepersonsinthegodheadofthehin
  recovered dreadwithnoooneofthethreepersonsinthegodheadofthehin  accuracy 0.96  true score -1.719/letter
== control 4: twifeinthewholeworldandshewillmakeyouashappyasevenyo
   -1.481/letter  cov 0.81  twifeinthewholeworldandthewillmakeyouashappyasevenyo
   -1.601/letter  cov 0.81  twifeinthewholeworldandthewillmakeyouasharryasevenyo
   -2.069/letter  cov 0.77  twifehothewholeworldandthewillmakeyouasharryareweoyo
   -2.217/letter  cov 0.73  twifeinthewholeworleaneshewillnekeyoverharryarevenyo
   -2.261/letter  cov 0.77  ttleeinthewholeworldandthewillmaleyptashappyaretenyo
  plaintext twifeinthewholeworldandshewillmakeyouashappyasevenyo
  recovered twifeinthewholeworldandthewillmakeyouashappyasevenyo  accuracy 0.98  true score -1.505/letter
== control 5: lesandchainsconfiningthewhalestotheshipwhatnowsaidth
   -1.502/letter  cov 0.77  lesandchainsconfiningthewhalestotheshipwhatnowsaidth
   -1.567/letter  cov 0.73  lesandchainsconfiningthethandstotheshipthatnowsaidth
   -2.232/letter  cov 0.52  lesaneeheinseoneiningthethelestotheshipthatnouseheth
   -2.232/letter  cov 0.62  lesasechairsasselsishthewhaleststheshiswhatssysaidth
   -2.244/letter  cov 0.48  neseseeheissesselsishthethereststheshisthatssuseheth
  plaintext lesandchainsconfiningthewhalestotheshipwhatnowsaidth
  recovered lesandchainsconfiningthewhalestotheshipwhatnowsaidth  accuracy 1.00  true score -1.502/letter
== control 6: tohisfollowersfirsthetookthetwosecretmennowihavenoth
   -1.685/letter  cov 0.73  tohisfollowerthissthetookthetwosecretmennowihavenoth
   -1.888/letter  cov 0.71  tohisfollowershissthesookthetwosearesmennowihavenoth
   -2.039/letter  cov 0.83  tohisfollowerthissthetookthetwosearetmannowihatfooth
   -2.129/letter  cov 0.67  tohishomnowesthissthetookthetwosearetnannowihavenoth
   -2.186/letter  cov 0.62  tohisfollowershissthesookshestosearesmennowihatenosh
  plaintext tohisfollowersfirsthetookthetwosecretmennowihavenoth
  recovered tohisfollowerthissthetookthetwosecretmennowihavenoth  accuracy 0.94  true score -1.740/letter
== control 7: mbellishmentsofsomeancientbooksyouwillattimesmeetwit
   -1.942/letter  cov 0.77  mbellishmentoogooneancientbooksyouwillattimesneeswit
   -1.997/letter  cov 0.73  mbellishmentsofsomebodieotbooksyouwillattimesmeetwit
   -2.153/letter  cov 0.77  nbillisinentpoisoniancientbooksyouwillattimesneitwit
   -2.186/letter  cov 0.77  mbellisinentpoisoneancientbooksyouwillattimesneeswit
   -2.195/letter  cov 0.65  mbellishmentsresomeancientcrolsystwillattimesmeetwit
  plaintext mbellishmentsofsomeancientbooksyouwillattimesmeetwit
  recovered mbellishmentoogooneancientbooksyouwillattimesneeswit  accuracy 0.88  true score -1.687/letter
controls recovered (>90% letters): 5/8
