base -20589.9 tokens 18452
4 (1018): n -> e  gain 331.9
D (811): e -> r  gain 344.0
S (614): e -> s  gain 104.5
8 (593): n -> e  gain 248.1
q (590): a -> e  gain 157.3
g (581): e -> s  gain 97.8
t (580): e -> t  gain 104.9
e3 (560): e -> r  gain 93.9
z (548): c -> e  gain 188.4
r (541): r -> e  gain 159.1
pi (507): i -> s  gain 189.3
X (490): u -> e  gain 35.1
o (483): o -> t  gain 293.8
A (482): u -> e  gain 145.5
dz (423): s -> e  gain 120.0
tt (413): s -> e  gain 102.5
T (401): a -> e  gain 121.7
4y (400): t -> e  gain 109.7
Lo (398): o -> a  gain 175.9
x (363): a -> e  gain 109.0
ph (350): i -> e  gain 102.7
II (346): l -> e  gain 123.5
h (344): t -> e  gain 79.2
n (335): d -> e  gain 86.0
56 (335): c -> t  gain 147.4
I (326): l -> e  gain 164.1
30 (316): r -> t  gain 69.3
s (296): n -> e  gain 67.4
33 (280): i -> u  gain 63.0
v (268): d -> t  gain 86.8
6 (248): d -> e  gain 90.5
80 (240): s -> e  gain 40.4
k (229): s -> r  gain 40.2
E (223): p -> r  gain 67.5
f (212): a -> r  gain 77.2
p (205): l -> r  gain 57.8
HH (203): m -> t  gain 65.6
d (194): u -> e  gain 44.0
36 (192): u -> e  gain 49.8
oo (188): m -> e  gain 64.1
L (167): u -> e  gain 49.9
H (166): q -> e  gain 159.6
6^ (122): i -> r  gain 41.7
w (109): et -> t  gain 98.2
m (106): l -> r  gain 29.8
J (95): ss -> s  gain 75.9
+ (76): h -> e  gain 82.5
7 (64): h -> t  gain 43.6
F (61): o -> t  gain 30.5
Z (59): z -> s  gain 102.3
y (58): b -> s  gain 28.6
4_ (57): m -> r  gain 16.6
o. (50): n -> r  gain 16.2
60 (47): y -> r  gain 25.5
oH (45): x -> e  gain 41.4
44 (44): y -> u  gain 60.3
26 (38): p -> a  gain 10.0
28 (18): q -> n  gain 4.8
Q (15): r -> e  gain 5.3
24 (14): o -> e  gain 8.3
12 (8): g -> t  gain 11.8
5 (6): n -> r  gain 2.1
19 (6): f -> a  gain 3.0
fr (5): f -> m  gain 2.1
