2240 | sc. 645, Ungheria (1491-1530), 1492, settembre, no. 2, a | 1492-09-14 | latin, olasz | simple-copy | 7 pp | 16 files | Paolo Lanterio levele Maffeo da Treviglio részére | De la cifera non volio dare… | di questa altra parte promisso.
  saved img/v2240_1.jpg 2043643
  saved img/v2240_2.jpg 2078555
  saved img/v2240_3.jpg 1818868
  saved img/v2240_4.jpg 1903066
  saved img/v2240_5.jpg 2081047
  saved img/v2240_6.jpg 1833647
  saved img/v2240_7.jpg 2105849
  saved img/v2240_8.jpg 1524661
  saved img/v2240_9.jpg 1149957
  saved img/v2240_10.jpg 1175204
  saved img/v2240_11.jpg 988016
  saved img/v2240_12.jpg 1050534
  saved img/v2240_13.jpg 1170650
  saved img/v2240_14.jpg 1006357
  saved img/v2240_15.jpg 1192391
  saved img/v2240_16.jpg 788468
2239 | sc. 645, Ungheria (1491-1530), 1492, settembre, no. 2 | 1492-09-14 | olasz, titkosírás | original | 7 pp | 15 files | Paolo Lanterio levele Maffeo da Treviglio részére | De la cifera non volio dare…. | None
  saved img/v2239_1.jpg 1971124
  saved img/v2239_2.jpg 1992384
  saved img/v2239_3.jpg 1901432
  saved img/v2239_4.jpg 1982463
  saved img/v2239_5.jpg 2010143
  saved img/v2239_6.jpg 1848069
  saved img/v2239_7.jpg 1826970
  saved img/v2239_8.jpg 1546753
  saved img/v2239_9.jpg 1094623
  saved img/v2239_10.jpg 1047337
  saved img/v2239_11.jpg 1047337
  saved img/v2239_12.jpg 1104526
  saved img/v2239_13.jpg 1113144
  saved img/v2239_14.jpg 807510
  saved img/v2239_15.jpg 995991
603 | ms. 4936, A milánói fejedelem diplomáciai levelezése (1490-1491), no. 84 | 1491-11-18 | latin, olasz | simple-copy | 4 pp | 4 files | forlii apát levele | Li regni et li domini se governano cum arte | Quid tardatis modo.
  saved img/v603_1.jpg 1725454
  saved img/v603_2.jpg 1594685
  saved img/v603_3.jpg 1615842
  saved img/v603_4.jpg 1655923
740 | ms. 4936, A milánói fejedelem diplomáciai levelezése (1492), no. 21 | 1492-04-05 | olasz | extract-copy | 2 pp | 2 files | Milánói másolatok | In questo di mi sono mandate littere | vedera essere satisfacto al bisogno
  saved img/v740_1.jpg 1233923
  saved img/v740_2.jpg 934697
765 | ms. 4936, A milánói fejedelem diplomáciai levelezése (1492), no. 31 | 1492-05-10 | olasz | simple-copy | 2 pp | 2 files | Milánói másolatok | Ho facto cavare le cifere de l’abbate | si po’ la Signoria Vostra Reverendissima de suspensione
  saved img/v765_1.jpg 1197093
  saved img/v765_2.jpg 1033278
591 | ms. 4936, A milánói fejedelem diplomáciai levelezése (1490-1491), no. 73 | 1491-09-16 | latin, olasz | simple-copy | 5 pp | 5 files | forlii apát levele Maffeo da Treviglio részére | Misser Mafeo. Giunto el vostro familio qua | mortis comittis et collabentis patrie mee
  saved img/v591_1.jpg 1480483
  saved img/v591_2.jpg 1482752
  saved img/v591_3.jpg 1511012
  saved img/v591_4.jpg 1424645
  saved img/v591_5.jpg 1343082
592 | ms. 4936, A milánói fejedelem diplomáciai levelezése (1490-1491), no. 74 | 1491-09-16 | latin, olasz | extract-copy | 2 pp | 2 files | forlii apát levele | Credo significareti tutto questo processo | recreationis causa. Bene valete.
  saved img/v592_1.jpg 1220522
  saved img/v592_2.jpg 1165789
2238 | sc. 645, Ungheria (1491-1530), 1492, settembre, no. 1 | 1492-09-14 | olasz | original | 1 pp | 4 files | Paolo Lanterio levele Maffeo da Treviglio részére | Qua haveremo che el duca Alberto… | mi ricorda el facto suo.
  saved img/v2238_1.jpg 1867590
  saved img/v2238_2.jpg 1760727
  saved img/v2238_3.jpg 1023161
  saved img/v2238_4.jpg 940421
2006 | sc. 645, Ungheria (1491-1530), 1491, giugno, no. 5, 1 | 1491-06-05 | olasz | original | 2 pp | 4 files | Maffeo da Treviglio levele Ludovico Maria Sforza részére | Sono avisato per messer Paulo Lantero… | ma omnino gli venevano con […].
  saved img/v2006_1.jpg 1870887
  saved img/v2006_2.jpg 1839279
  saved img/v2006_3.jpg 1041643
  saved img/v2006_4.jpg 1019821
2007 | sc. 645, Ungheria (1491-1530), 1491, giugno, no. 5, 2 | 1491-06-05 | latin, olasz | original | 1 pp | 4 files | Paolo Raimondi és Paolo Lanterio levele Maffeo da Treviglio részére | Alteris meis vobis scripsi… | che 'l Signore se fosse cosi alargato cum Gregorio.
  saved img/v2007_1.jpg 2088063
  saved img/v2007_2.jpg 1733089
  saved img/v2007_3.jpg 1179100
  saved img/v2007_4.jpg 965460
2009 | sc. 645, Ungheria (1491-1530), 1491, giugno, no. 5, 4 | 1491-06-06 | olasz | original | 1 pp | 4 files | Paolo Raimondi és Paolo Lanterio levele Maffeo da Treviglio részére | Doppo quella altra scripta comunicai cum… | crede sopra la fede vostra.
  saved img/v2009_1.jpg 1983486
  saved img/v2009_2.jpg 1825010
  saved img/v2009_3.jpg 1107584
  saved img/v2009_4.jpg 998357
336 | sc. 642, febbraio, no. 12 | 1490-02-23 | olasz | simple-copy | 3 pp | 6 files | Ludovico Maria Sforza levele Maffeo da Treviglio részére | E' arrivato in questa cita el magnifico… | cosi è in effecto
  saved img/v336_1.jpg 1493757
  saved img/v336_2.jpg 1679104
  saved img/v336_3.jpg 1467496
  saved img/v336_4.jpg 1332640
  saved img/v336_5.jpg 775663
  saved img/v336_6.jpg 750466
2108 | sc. 645, Ungheria (1491-1530), 1492, maggio, no. 3 | 1492-05-07 | olasz | original | 1 pp | 4 files | Maffeo da Treviglio levele Bartolomeo Calcónak | Giunto qua hogi… | ho la cifera ad mente.
  saved img/v2108_1.jpg 1723181
  saved img/v2108_2.jpg 1624255
  saved img/v2108_3.jpg 936338
  saved img/v2108_4.jpg 868988
2251 | sc. 645, Ungheria (1491-1530), 1492, novembre, no. 5 | 1492-11-13 | latin | simple-copy | 1 pp | 4 files | Maffeo da Treviglio levele Bakóc Tamásnak | Ex litteris Pauli Lanterij… | longores epistolas dabimus.
  saved img/v2251_1.jpg 1918554
  saved img/v2251_2.jpg 1599229
  saved img/v2251_3.jpg 1061911
  saved img/v2251_4.jpg 869661
862 | ms. 4936, A milánói fejedelem diplomáciai levelezése (1492), no. 96 | 1492-11-13 | latin | simple-copy | 2 pp | 2 files | Milánói másolatok | Ex litteris Pauli Lanterii nuntii nostri | longiores epistolas dabimus
  saved img/v862_1.jpg 1357144
  saved img/v862_2.jpg 1306049
DONE
