267 1 HU_MNL_OL_X_10889_DF_294146.jpg 1231658
267 2 1333619910.jpg 1180542
267 3 1333619910-2.jpg 1200903
276 1 HU_MNL_OL_X_10889_DF_294155_01.jpg 2814674
276 2 HU_MNL_OL_X_10889_DF_294155_02.JPG 2541785
276 3 1333699859.jpg 1362422
276 4 1333699859-2.jpg 1202757
277 1 HU_MNL_OL_X_10889_DF_294155_a_01.jpg 2590820
277 2 HU_MNL_OL_X_10889_DF_294155_a_02.JPG 2603478
277 3 1333700844.jpg 1231570
277 4 1333700844-2.jpg 1247386
249 1 HU_MNL_OL_X_10889_DF_294128_01.jpg 2894563
249 2 HU_MNL_OL_X_10889_DF_294128_02.JPG 3048481
249 3 1333545624.jpg 1424087
249 4 1333545624-2.jpg 1481469
256 1 HU_MNL_OL_X_10889_DF_294128_a_01.jpg 2942348
256 2 HU_MNL_OL_X_10889_DF_294128_a_02.JPG 3027324
256 3 1333550869.jpg 1424278
256 4 1333550869-2.jpg 1480774
214 1 HU_MNL_OL_X_10889_DF_294094_01.jpg 2875973
214 2 HU_MNL_OL_X_10889_DF_294094_02.JPG 2525861
214 3 1332772955.jpg 1399637
214 4 1332772955-2.jpg 1182190
213 1 HU_MNL_OL_X_10889_DF_294094_a_01.jpg 2920112
213 2 HU_MNL_OL_X_10889_DF_294094_a_02.JPG 2565662
213 3 1332772635.jpg 1420240
213 4 1332772635-2.jpg 1205669
200 1 HU_MNL_OL_X_10889_DF_294081_01.jpg 2943976
200 2 HU_MNL_OL_X_10889_DF_294081_02.JPG 2519618
200 3 1332584260.jpg 1451293
200 4 1332584260-2.jpg 1192795
201 1 HU_MNL_OL_X_10889_DF_294081_a_01.jpg 2973773
201 2 HU_MNL_OL_X_10889_DF_294081_a_02.JPG 2554352
201 3 1332586238.jpg 1473005
201 4 1332586238-2.jpg 1215579
2240 1 HU_MNL_OL_X_10889_DF_295289_a_01.jpg 2976493
2240 2 HU_MNL_OL_X_10889_DF_295289_a_02.JPG 3028977
2240 3 HU_MNL_OL_X_10889_DF_295289_a_03.JPG 2687949
2240 4 HU_MNL_OL_X_10889_DF_295289_a_04.JPG 2788438
2240 5 HU_MNL_OL_X_10889_DF_295289_a_05.JPG 3032419
2240 6 HU_MNL_OL_X_10889_DF_295289_a_06.JPG 2709103
2240 7 HU_MNL_OL_X_10889_DF_295289_a_07.JPG 3070197
2240 8 HU_MNL_OL_X_10889_DF_295289_a_08.JPG 2355153
2240 9 1401734310.jpg 1457400
2240 10 1401734310-2.jpg 1494126
2240 11 1401734310-3.jpg 1276883
2240 12 1401734310-4.jpg 1345608
2240 13 1401734310-5.jpg 1491011
2240 14 1401734310-6.jpg 1295702
2240 15 1401734310-7.jpg 1518909
2240 16 1401734310-8.jpg 1081198
2239 1 HU_MNL_OL_X_10889_DF_295289_01.jpg 2882695
2239 2 HU_MNL_OL_X_10889_DF_295289_02.JPG 2913799
2239 3 HU_MNL_OL_X_10889_DF_295289_03.JPG 2788351
2239 4 HU_MNL_OL_X_10889_DF_295289_04.JPG 2900707
2239 5 HU_MNL_OL_X_10889_DF_295289_05.JPG 2941415
2239 6 HU_MNL_OL_X_10889_DF_295289_06.JPG 2725891
2239 7 HU_MNL_OL_X_10889_DF_295289_07.JPG 2738567
2239 8 HU_MNL_OL_X_10889_DF_295289_08.JPG 2379794
2239 9 1401733900.jpg 1397035
2239 10 1401733900-2.jpg 1340645
2239 11 1401733900-3.jpg 1340645
2239 12 1401733900-4.jpg 1411813
2239 13 1401733900-5.jpg 1425104
2239 14 1401733900-6.jpg 1100098
2239 15 1401733900-7.jpg 1320041
603 1 1357900887.jpg 1400988
603 2 1357900887-2.jpg 1274390
603 3 1357900887-3.jpg 1294251
603 4 1357900887-4.jpg 1339723
DONE
